2014-05-09 23:55:05 INFO  TransactionalTestExecutionListener:279 - Began transaction (1): transaction manager [org.springframework.orm.jpa.JpaTransactionManager@554614db]; rollback [true]
2014-05-09 23:55:05 INFO  TransactionalTestExecutionListener:299 - Rolled back transaction after test execution for test context [TestContext@1e5e7e66 testClass = ProductRepositoryTests, testInstance = com.yummynoodlebar.persistence.integration.ProductRepositoryTests@4dbc6a1d, testMethod = thatItemIsInsertedIntoRepoWorks@ProductRepositoryTests, testException = [null], mergedContextConfiguration = [MergedContextConfiguration@cdabdca testClass = ProductRepositoryTests, locations = '{}', classes = '{class com.yummynoodlebar.config.JPAConfiguration}', contextInitializerClasses = '[]', activeProfiles = '{}', contextLoader = 'org.springframework.test.context.support.DelegatingSmartContextLoader', parent = [null]]]
