2014-05-09 23:55:04 INFO  TransactionalTestExecutionListener:279 - Began transaction (1): transaction manager [org.springframework.orm.jpa.JpaTransactionManager@554614db]; rollback [true]
2014-05-09 23:55:04 INFO  TransactionalTestExecutionListener:299 - Rolled back transaction after test execution for test context [TestContext@588722d6 testClass = OrdersRepositoryFindOrdersContainingTests, testInstance = com.yummynoodlebar.persistence.integration.OrdersRepositoryFindOrdersContainingTests@10003d02, testMethod = thatSearchingForOrdesContainingWorks@OrdersRepositoryFindOrdersContainingTests, testException = javax.persistence.EntityNotFoundException: Unable to find com.yummynoodlebar.persistence.domain.Customer with id c89ad96e-2885-4839-a94c-253664f4dcdc, mergedContextConfiguration = [MergedContextConfiguration@7fa55682 testClass = OrdersRepositoryFindOrdersContainingTests, locations = '{}', classes = '{class com.yummynoodlebar.config.JPAConfiguration}', contextInitializerClasses = '[]', activeProfiles = '{}', contextLoader = 'org.springframework.test.context.support.DelegatingSmartContextLoader', parent = [null]]]
