2014-05-09 23:55:04 INFO  TransactionalTestExecutionListener:279 - Began transaction (1): transaction manager [org.springframework.orm.jpa.JpaTransactionManager@554614db]; rollback [true]
2014-05-09 23:55:05 WARN  SqlExceptionHelper:143 - SQL Error: 23502, SQLState: 23502
2014-05-09 23:55:05 ERROR SqlExceptionHelper:144 - NULL not allowed for column "PAYMENTMETHOD"; SQL statement:
insert into NOODLE_ORDERS (customer_CUSTOMER_ID, SUBMISSION_DATETIME, orderStatus, paymentMethod, ORDER_ID) values (?, ?, ?, ?, ?) [23502-173]
2014-05-09 23:55:05 INFO  AbstractBatchImpl:205 - HHH000010: On release of batch it still contained JDBC statements
2014-05-09 23:55:05 INFO  TransactionalTestExecutionListener:299 - Rolled back transaction after test execution for test context [TestContext@1223cebf testClass = OrdersRepositoryIntegrationTests, testInstance = com.yummynoodlebar.persistence.integration.OrdersRepositoryIntegrationTests@6cda66e6, testMethod = thatProductsAreSavedWithOrder@OrdersRepositoryIntegrationTests, testException = javax.persistence.PersistenceException: org.hibernate.exception.ConstraintViolationException: NULL not allowed for column "PAYMENTMETHOD"; SQL statement:
insert into NOODLE_ORDERS (customer_CUSTOMER_ID, SUBMISSION_DATETIME, orderStatus, paymentMethod, ORDER_ID) values (?, ?, ?, ?, ?) [23502-173], mergedContextConfiguration = [MergedContextConfiguration@678076a6 testClass = OrdersRepositoryIntegrationTests, locations = '{}', classes = '{class com.yummynoodlebar.config.JPAConfiguration}', contextInitializerClasses = '[]', activeProfiles = '{}', contextLoader = 'org.springframework.test.context.support.DelegatingSmartContextLoader', parent = [null]]]
2014-05-09 23:55:05 INFO  TransactionalTestExecutionListener:279 - Began transaction (2): transaction manager [org.springframework.orm.jpa.JpaTransactionManager@554614db]; rollback [true]
2014-05-09 23:55:05 WARN  SqlExceptionHelper:143 - SQL Error: 23502, SQLState: 23502
2014-05-09 23:55:05 ERROR SqlExceptionHelper:144 - NULL not allowed for column "PAYMENTMETHOD"; SQL statement:
insert into NOODLE_ORDERS (customer_CUSTOMER_ID, SUBMISSION_DATETIME, orderStatus, paymentMethod, ORDER_ID) values (?, ?, ?, ?, ?) [23502-173]
2014-05-09 23:55:05 INFO  AbstractBatchImpl:205 - HHH000010: On release of batch it still contained JDBC statements
2014-05-09 23:55:05 INFO  TransactionalTestExecutionListener:299 - Rolled back transaction after test execution for test context [TestContext@1223cebf testClass = OrdersRepositoryIntegrationTests, testInstance = com.yummynoodlebar.persistence.integration.OrdersRepositoryIntegrationTests@32cf38da, testMethod = thatItemIsInsertedIntoRepoWorks@OrdersRepositoryIntegrationTests, testException = javax.persistence.PersistenceException: org.hibernate.exception.ConstraintViolationException: NULL not allowed for column "PAYMENTMETHOD"; SQL statement:
insert into NOODLE_ORDERS (customer_CUSTOMER_ID, SUBMISSION_DATETIME, orderStatus, paymentMethod, ORDER_ID) values (?, ?, ?, ?, ?) [23502-173], mergedContextConfiguration = [MergedContextConfiguration@678076a6 testClass = OrdersRepositoryIntegrationTests, locations = '{}', classes = '{class com.yummynoodlebar.config.JPAConfiguration}', contextInitializerClasses = '[]', activeProfiles = '{}', contextLoader = 'org.springframework.test.context.support.DelegatingSmartContextLoader', parent = [null]]]
2014-05-09 23:55:05 INFO  TransactionalTestExecutionListener:279 - Began transaction (3): transaction manager [org.springframework.orm.jpa.JpaTransactionManager@554614db]; rollback [true]
2014-05-09 23:55:05 WARN  SqlExceptionHelper:143 - SQL Error: 23502, SQLState: 23502
2014-05-09 23:55:05 ERROR SqlExceptionHelper:144 - NULL not allowed for column "PAYMENTMETHOD"; SQL statement:
insert into NOODLE_ORDERS (customer_CUSTOMER_ID, SUBMISSION_DATETIME, orderStatus, paymentMethod, ORDER_ID) values (?, ?, ?, ?, ?) [23502-173]
2014-05-09 23:55:05 INFO  AbstractBatchImpl:205 - HHH000010: On release of batch it still contained JDBC statements
2014-05-09 23:55:05 INFO  TransactionalTestExecutionListener:299 - Rolled back transaction after test execution for test context [TestContext@1223cebf testClass = OrdersRepositoryIntegrationTests, testInstance = com.yummynoodlebar.persistence.integration.OrdersRepositoryIntegrationTests@7e0e42af, testMethod = thatCustomerIsSavedWithOrder@OrdersRepositoryIntegrationTests, testException = javax.persistence.PersistenceException: org.hibernate.exception.ConstraintViolationException: NULL not allowed for column "PAYMENTMETHOD"; SQL statement:
insert into NOODLE_ORDERS (customer_CUSTOMER_ID, SUBMISSION_DATETIME, orderStatus, paymentMethod, ORDER_ID) values (?, ?, ?, ?, ?) [23502-173], mergedContextConfiguration = [MergedContextConfiguration@678076a6 testClass = OrdersRepositoryIntegrationTests, locations = '{}', classes = '{class com.yummynoodlebar.config.JPAConfiguration}', contextInitializerClasses = '[]', activeProfiles = '{}', contextLoader = 'org.springframework.test.context.support.DelegatingSmartContextLoader', parent = [null]]]
