2014-05-09 23:55:04 INFO  TransactionalTestExecutionListener:279 - Began transaction (1): transaction manager [org.springframework.orm.jpa.JpaTransactionManager@554614db]; rollback [true]
2014-05-09 23:55:04 INFO  TransactionalTestExecutionListener:299 - Rolled back transaction after test execution for test context [TestContext@569e6c65 testClass = OrderMappingIntegrationTests, testInstance = com.yummynoodlebar.persistence.integration.OrderMappingIntegrationTests@3ade8750, testMethod = thatItemCustomMappingWorks@OrderMappingIntegrationTests, testException = [null], mergedContextConfiguration = [MergedContextConfiguration@6785b361 testClass = OrderMappingIntegrationTests, locations = '{}', classes = '{class com.yummynoodlebar.config.JPAConfiguration}', contextInitializerClasses = '[]', activeProfiles = '{}', contextLoader = 'org.springframework.test.context.support.DelegatingSmartContextLoader', parent = [null]]]
